// Validating benchmarks:
// ***** BenchmarkRunner: Start   *****
// ***** Found 2 benchmark(s) in total *****
// ***** Building 1 exe(s) in Parallel: Start   *****
// start dotnet  restore /p:UseSharedCompilation=false /p:BuildInParallel=false /m:1 /p:Deterministic=true /p:Optimize=true /p:IntermediateOutputPath="C:\Workstation\Work\Contrib\opensource\smartmapp.net\benchmarks\SmartMapp.Net.Benchmarks\bin\Release\net10.0\1435805f-ce86-4da7-b739-9c7cec060d89\obj\Release\net10.0/" /p:OutDir="C:\Workstation\Work\Contrib\opensource\smartmapp.net\benchmarks\SmartMapp.Net.Benchmarks\bin\Release\net10.0\1435805f-ce86-4da7-b739-9c7cec060d89\bin\Release\net10.0/" /p:OutputPath="C:\Workstation\Work\Contrib\opensource\smartmapp.net\benchmarks\SmartMapp.Net.Benchmarks\bin\Release\net10.0\1435805f-ce86-4da7-b739-9c7cec060d89\bin\Release\net10.0/" in C:\Workstation\Work\Contrib\opensource\smartmapp.net\benchmarks\SmartMapp.Net.Benchmarks\bin\Release\net10.0\1435805f-ce86-4da7-b739-9c7cec060d89
// command took 3.27 sec and exited with 0
// start dotnet  build -c Release --no-restore /p:UseSharedCompilation=false /p:BuildInParallel=false /m:1 /p:Deterministic=true /p:Optimize=true /p:IntermediateOutputPath="C:\Workstation\Work\Contrib\opensource\smartmapp.net\benchmarks\SmartMapp.Net.Benchmarks\bin\Release\net10.0\1435805f-ce86-4da7-b739-9c7cec060d89\obj\Release\net10.0/" /p:OutDir="C:\Workstation\Work\Contrib\opensource\smartmapp.net\benchmarks\SmartMapp.Net.Benchmarks\bin\Release\net10.0\1435805f-ce86-4da7-b739-9c7cec060d89\bin\Release\net10.0/" /p:OutputPath="C:\Workstation\Work\Contrib\opensource\smartmapp.net\benchmarks\SmartMapp.Net.Benchmarks\bin\Release\net10.0\1435805f-ce86-4da7-b739-9c7cec060d89\bin\Release\net10.0/" --output "C:\Workstation\Work\Contrib\opensource\smartmapp.net\benchmarks\SmartMapp.Net.Benchmarks\bin\Release\net10.0\1435805f-ce86-4da7-b739-9c7cec060d89\bin\Release\net10.0/" in C:\Workstation\Work\Contrib\opensource\smartmapp.net\benchmarks\SmartMapp.Net.Benchmarks\bin\Release\net10.0\1435805f-ce86-4da7-b739-9c7cec060d89
// command took 23.52 sec and exited with 0
// ***** Done, took 00:00:26 (26.9 sec)   *****
// Found 2 benchmarks:
//   FlatMappingBenchmark.'ISculptor.Map<Flat, FlatDto> — warm': Job-JDRDFI(IterationCount=5, WarmupCount=3)
//   FlatMappingBenchmark.'ISculptor.Map<Flat, FlatDto> — warm': ShortRun(IterationCount=3, LaunchCount=1, WarmupCount=3)

Setup power plan (GUID: 8c5e7fda-e8bf-4a96-9a85-a6e23a8c635c FriendlyName: High performance)
// **************************
// Benchmark: FlatMappingBenchmark.'ISculptor.Map<Flat, FlatDto> — warm': Job-JDRDFI(IterationCount=5, WarmupCount=3)
// *** Execute ***
// Launch: 1 / 1
// Execute: dotnet 1435805f-ce86-4da7-b739-9c7cec060d89.dll --anonymousPipes 2364 1880 --benchmarkName SmartMapp.Net.Benchmarks.Sprint8.FlatMappingBenchmark.Map_Warm --job "IterationCount=5, WarmupCount=3" --benchmarkId 0 in C:\Workstation\Work\Contrib\opensource\smartmapp.net\benchmarks\SmartMapp.Net.Benchmarks\bin\Release\net10.0\1435805f-ce86-4da7-b739-9c7cec060d89\bin\Release\net10.0
// BeforeAnythingElse

// Benchmark Process Environment Information:
// BenchmarkDotNet v0.14.0
// Runtime=.NET 10.0.8 (10.0.826.23019), X64 RyuJIT AVX2
// GC=Concurrent Workstation
// HardwareIntrinsics=AVX2,AES,BMI1,BMI2,FMA,LZCNT,PCLMUL,POPCNT,AvxVnni,SERIALIZE VectorSize=256
// Job: Job-YYOJMY(IterationCount=5, WarmupCount=3)

OverheadJitting  1: 1 op, 396400.00 ns, 396.4000 us/op
WorkloadJitting  1: 1 op, 3010400.00 ns, 3.0104 ms/op

OverheadJitting  2: 16 op, 842700.00 ns, 52.6688 us/op
WorkloadJitting  2: 16 op, 544100.00 ns, 34.0063 us/op

WorkloadPilot    1: 16 op, 16900.00 ns, 1.0563 us/op
WorkloadPilot    2: 32 op, 30500.00 ns, 953.1250 ns/op
WorkloadPilot    3: 64 op, 31500.00 ns, 492.1875 ns/op
WorkloadPilot    4: 128 op, 68700.00 ns, 536.7188 ns/op
WorkloadPilot    5: 256 op, 110200.00 ns, 430.4688 ns/op
WorkloadPilot    6: 512 op, 186600.00 ns, 364.4531 ns/op
WorkloadPilot    7: 1024 op, 275100.00 ns, 268.6523 ns/op
WorkloadPilot    8: 2048 op, 670000.00 ns, 327.1484 ns/op
WorkloadPilot    9: 4096 op, 1283100.00 ns, 313.2568 ns/op
WorkloadPilot   10: 8192 op, 2428800.00 ns, 296.4844 ns/op
WorkloadPilot   11: 16384 op, 3055200.00 ns, 186.4746 ns/op
WorkloadPilot   12: 32768 op, 7185900.00 ns, 219.2963 ns/op
WorkloadPilot   13: 65536 op, 17340900.00 ns, 264.6011 ns/op
WorkloadPilot   14: 131072 op, 21800100.00 ns, 166.3216 ns/op
WorkloadPilot   15: 262144 op, 40025300.00 ns, 152.6844 ns/op
WorkloadPilot   16: 524288 op, 85105800.00 ns, 162.3264 ns/op
WorkloadPilot   17: 1048576 op, 127104400.00 ns, 121.2162 ns/op
WorkloadPilot   18: 2097152 op, 125946100.00 ns, 60.0558 ns/op
WorkloadPilot   19: 4194304 op, 274349100.00 ns, 65.4099 ns/op
WorkloadPilot   20: 8388608 op, 498709200.00 ns, 59.4508 ns/op
WorkloadPilot   21: 16777216 op, 868840200.00 ns, 51.7869 ns/op

OverheadWarmup   1: 16777216 op, 54388200.00 ns, 3.2418 ns/op
OverheadWarmup   2: 16777216 op, 51829400.00 ns, 3.0893 ns/op
OverheadWarmup   3: 16777216 op, 52620400.00 ns, 3.1364 ns/op
OverheadWarmup   4: 16777216 op, 58505100.00 ns, 3.4872 ns/op
OverheadWarmup   5: 16777216 op, 47446300.00 ns, 2.8280 ns/op
OverheadWarmup   6: 16777216 op, 45525000.00 ns, 2.7135 ns/op
OverheadWarmup   7: 16777216 op, 44931300.00 ns, 2.6781 ns/op
OverheadWarmup   8: 16777216 op, 43953200.00 ns, 2.6198 ns/op
OverheadWarmup   9: 16777216 op, 43433800.00 ns, 2.5889 ns/op
OverheadWarmup  10: 16777216 op, 49313500.00 ns, 2.9393 ns/op

OverheadActual   1: 16777216 op, 41550100.00 ns, 2.4766 ns/op
OverheadActual   2: 16777216 op, 41908700.00 ns, 2.4980 ns/op
OverheadActual   3: 16777216 op, 41709900.00 ns, 2.4861 ns/op
OverheadActual   4: 16777216 op, 41636800.00 ns, 2.4817 ns/op
OverheadActual   5: 16777216 op, 41431600.00 ns, 2.4695 ns/op
OverheadActual   6: 16777216 op, 41742900.00 ns, 2.4881 ns/op
OverheadActual   7: 16777216 op, 47548800.00 ns, 2.8341 ns/op
OverheadActual   8: 16777216 op, 43787900.00 ns, 2.6100 ns/op
OverheadActual   9: 16777216 op, 52927400.00 ns, 3.1547 ns/op
OverheadActual  10: 16777216 op, 43686200.00 ns, 2.6039 ns/op
OverheadActual  11: 16777216 op, 43221700.00 ns, 2.5762 ns/op
OverheadActual  12: 16777216 op, 41473000.00 ns, 2.4720 ns/op
OverheadActual  13: 16777216 op, 42613300.00 ns, 2.5400 ns/op
OverheadActual  14: 16777216 op, 41473900.00 ns, 2.4720 ns/op
OverheadActual  15: 16777216 op, 51859100.00 ns, 3.0910 ns/op

WorkloadWarmup   1: 16777216 op, 890034300.00 ns, 53.0502 ns/op
WorkloadWarmup   2: 16777216 op, 891211000.00 ns, 53.1203 ns/op
WorkloadWarmup   3: 16777216 op, 853245700.00 ns, 50.8574 ns/op

// BeforeActualRun
WorkloadActual   1: 16777216 op, 776486900.00 ns, 46.2822 ns/op
WorkloadActual   2: 16777216 op, 907678100.00 ns, 54.1018 ns/op
WorkloadActual   3: 16777216 op, 1020205300.00 ns, 60.8090 ns/op
WorkloadActual   4: 16777216 op, 1002711700.00 ns, 59.7663 ns/op
WorkloadActual   5: 16777216 op, 912243100.00 ns, 54.3739 ns/op

// AfterActualRun
WorkloadResult   1: 16777216 op, 734578200.00 ns, 43.7843 ns/op
WorkloadResult   2: 16777216 op, 865769400.00 ns, 51.6039 ns/op
WorkloadResult   3: 16777216 op, 978296600.00 ns, 58.3110 ns/op
WorkloadResult   4: 16777216 op, 960803000.00 ns, 57.2683 ns/op
WorkloadResult   5: 16777216 op, 870334400.00 ns, 51.8760 ns/op
// GC:  331 0 0 4160749632 16777216
// Threading:  0 0 16777216

// AfterAll
// Benchmark Process 61712 has exited with code 0.

Mean = 52.569 ns, StdErr = 2.585 ns (4.92%), N = 5, StdDev = 5.780 ns
Min = 43.784 ns, Q1 = 51.604 ns, Median = 51.876 ns, Q3 = 57.268 ns, Max = 58.311 ns
IQR = 5.664 ns, LowerFence = 43.107 ns, UpperFence = 65.765 ns
ConfidenceInterval = [30.312 ns; 74.826 ns] (CI 99.9%), Margin = 22.257 ns (42.34% of Mean)
Skewness = -0.4, Kurtosis = 1.35, MValue = 2

// ** Remained 1 (50.0%) benchmark(s) to run. Estimated finish 2026-05-15 21:21 (0h 0m from now) **
Setup power plan (GUID: 8c5e7fda-e8bf-4a96-9a85-a6e23a8c635c FriendlyName: High performance)
// **************************
// Benchmark: FlatMappingBenchmark.'ISculptor.Map<Flat, FlatDto> — warm': ShortRun(IterationCount=3, LaunchCount=1, WarmupCount=3)
// *** Execute ***
// Launch: 1 / 1
// Execute: dotnet 1435805f-ce86-4da7-b739-9c7cec060d89.dll --anonymousPipes 2332 2304 --benchmarkName SmartMapp.Net.Benchmarks.Sprint8.FlatMappingBenchmark.Map_Warm --job ShortRun --benchmarkId 1 in C:\Workstation\Work\Contrib\opensource\smartmapp.net\benchmarks\SmartMapp.Net.Benchmarks\bin\Release\net10.0\1435805f-ce86-4da7-b739-9c7cec060d89\bin\Release\net10.0
// BeforeAnythingElse

// Benchmark Process Environment Information:
// BenchmarkDotNet v0.14.0
// Runtime=.NET 10.0.8 (10.0.826.23019), X64 RyuJIT AVX2
// GC=Concurrent Workstation
// HardwareIntrinsics=AVX2,AES,BMI1,BMI2,FMA,LZCNT,PCLMUL,POPCNT,AvxVnni,SERIALIZE VectorSize=256
// Job: ShortRun(IterationCount=3, LaunchCount=1, WarmupCount=3)

OverheadJitting  1: 1 op, 303800.00 ns, 303.8000 us/op
WorkloadJitting  1: 1 op, 2191800.00 ns, 2.1918 ms/op

OverheadJitting  2: 16 op, 435900.00 ns, 27.2438 us/op
WorkloadJitting  2: 16 op, 416200.00 ns, 26.0125 us/op

WorkloadPilot    1: 16 op, 9100.00 ns, 568.7500 ns/op
WorkloadPilot    2: 32 op, 20600.00 ns, 643.7500 ns/op
WorkloadPilot    3: 64 op, 23100.00 ns, 360.9375 ns/op
WorkloadPilot    4: 128 op, 31400.00 ns, 245.3125 ns/op
WorkloadPilot    5: 256 op, 69600.00 ns, 271.8750 ns/op
WorkloadPilot    6: 512 op, 105000.00 ns, 205.0781 ns/op
WorkloadPilot    7: 1024 op, 188100.00 ns, 183.6914 ns/op
WorkloadPilot    8: 2048 op, 281800.00 ns, 137.5977 ns/op
WorkloadPilot    9: 4096 op, 626300.00 ns, 152.9053 ns/op
WorkloadPilot   10: 8192 op, 1473600.00 ns, 179.8828 ns/op
WorkloadPilot   11: 16384 op, 2528800.00 ns, 154.3457 ns/op
WorkloadPilot   12: 32768 op, 4965000.00 ns, 151.5198 ns/op
WorkloadPilot   13: 65536 op, 10513800.00 ns, 160.4279 ns/op
WorkloadPilot   14: 131072 op, 14925000.00 ns, 113.8687 ns/op
WorkloadPilot   15: 262144 op, 29813400.00 ns, 113.7291 ns/op
WorkloadPilot   16: 524288 op, 60577700.00 ns, 115.5428 ns/op
WorkloadPilot   17: 1048576 op, 56656200.00 ns, 54.0316 ns/op
WorkloadPilot   18: 2097152 op, 136187900.00 ns, 64.9395 ns/op
WorkloadPilot   19: 4194304 op, 239832500.00 ns, 57.1805 ns/op
WorkloadPilot   20: 8388608 op, 422356000.00 ns, 50.3488 ns/op
WorkloadPilot   21: 16777216 op, 941596300.00 ns, 56.1235 ns/op

OverheadWarmup   1: 16777216 op, 55129800.00 ns, 3.2860 ns/op
OverheadWarmup   2: 16777216 op, 52687400.00 ns, 3.1404 ns/op
OverheadWarmup   3: 16777216 op, 50652000.00 ns, 3.0191 ns/op
OverheadWarmup   4: 16777216 op, 50213300.00 ns, 2.9929 ns/op
OverheadWarmup   5: 16777216 op, 41983300.00 ns, 2.5024 ns/op
OverheadWarmup   6: 16777216 op, 41384200.00 ns, 2.4667 ns/op
OverheadWarmup   7: 16777216 op, 41241000.00 ns, 2.4582 ns/op
OverheadWarmup   8: 16777216 op, 41996600.00 ns, 2.5032 ns/op
OverheadWarmup   9: 16777216 op, 44328000.00 ns, 2.6422 ns/op
OverheadWarmup  10: 16777216 op, 42595200.00 ns, 2.5389 ns/op

OverheadActual   1: 16777216 op, 41395000.00 ns, 2.4673 ns/op
OverheadActual   2: 16777216 op, 51004200.00 ns, 3.0401 ns/op
OverheadActual   3: 16777216 op, 41714300.00 ns, 2.4864 ns/op
OverheadActual   4: 16777216 op, 41396000.00 ns, 2.4674 ns/op
OverheadActual   5: 16777216 op, 41909800.00 ns, 2.4980 ns/op
OverheadActual   6: 16777216 op, 40779700.00 ns, 2.4307 ns/op
OverheadActual   7: 16777216 op, 41325600.00 ns, 2.4632 ns/op
OverheadActual   8: 16777216 op, 40764900.00 ns, 2.4298 ns/op
OverheadActual   9: 16777216 op, 41104900.00 ns, 2.4500 ns/op
OverheadActual  10: 16777216 op, 41227000.00 ns, 2.4573 ns/op
OverheadActual  11: 16777216 op, 41230800.00 ns, 2.4575 ns/op
OverheadActual  12: 16777216 op, 41215600.00 ns, 2.4566 ns/op
OverheadActual  13: 16777216 op, 43225200.00 ns, 2.5764 ns/op
OverheadActual  14: 16777216 op, 43520100.00 ns, 2.5940 ns/op
OverheadActual  15: 16777216 op, 41081500.00 ns, 2.4486 ns/op

WorkloadWarmup   1: 16777216 op, 821145300.00 ns, 48.9441 ns/op
WorkloadWarmup   2: 16777216 op, 859230200.00 ns, 51.2141 ns/op
WorkloadWarmup   3: 16777216 op, 830242200.00 ns, 49.4863 ns/op

// BeforeActualRun
WorkloadActual   1: 16777216 op, 803634700.00 ns, 47.9004 ns/op
WorkloadActual   2: 16777216 op, 901378000.00 ns, 53.7263 ns/op
WorkloadActual   3: 16777216 op, 1004403200.00 ns, 59.8671 ns/op

// AfterActualRun
WorkloadResult   1: 16777216 op, 762309100.00 ns, 45.4372 ns/op
WorkloadResult   2: 16777216 op, 860052400.00 ns, 51.2631 ns/op
WorkloadResult   3: 16777216 op, 963077600.00 ns, 57.4039 ns/op
// GC:  331 0 0 4160749680 16777216
// Threading:  0 0 16777216

// AfterAll
// Benchmark Process 55000 has exited with code 0.

Mean = 51.368 ns, StdErr = 3.455 ns (6.73%), N = 3, StdDev = 5.984 ns
Min = 45.437 ns, Q1 = 48.350 ns, Median = 51.263 ns, Q3 = 54.334 ns, Max = 57.404 ns
IQR = 5.983 ns, LowerFence = 39.375 ns, UpperFence = 63.309 ns
ConfidenceInterval = [-57.803 ns; 160.540 ns] (CI 99.9%), Margin = 109.171 ns (212.53% of Mean)
Skewness = 0.02, Kurtosis = 0.67, MValue = 2

// ** Remained 0 (0.0%) benchmark(s) to run. Estimated finish 2026-05-15 21:21 (0h 0m from now) **
Successfully reverted power plan (GUID: 8c5e7fda-e8bf-4a96-9a85-a6e23a8c635c FriendlyName: High performance)
// ***** BenchmarkRunner: Finish  *****

// * Export *
  BenchmarkDotNet.Artifacts\results\SmartMapp.Net.Benchmarks.Sprint8.FlatMappingBenchmark-report.csv
  BenchmarkDotNet.Artifacts\results\SmartMapp.Net.Benchmarks.Sprint8.FlatMappingBenchmark-report-github.md
  BenchmarkDotNet.Artifacts\results\SmartMapp.Net.Benchmarks.Sprint8.FlatMappingBenchmark-report.html

// * Detailed results *
FlatMappingBenchmark.'ISculptor.Map<Flat, FlatDto> — warm': Job-JDRDFI(IterationCount=5, WarmupCount=3)
Runtime = .NET 10.0.8 (10.0.826.23019), X64 RyuJIT AVX2; GC = Concurrent Workstation
Mean = 52.569 ns, StdErr = 2.585 ns (4.92%), N = 5, StdDev = 5.780 ns
Min = 43.784 ns, Q1 = 51.604 ns, Median = 51.876 ns, Q3 = 57.268 ns, Max = 58.311 ns
IQR = 5.664 ns, LowerFence = 43.107 ns, UpperFence = 65.765 ns
ConfidenceInterval = [30.312 ns; 74.826 ns] (CI 99.9%), Margin = 22.257 ns (42.34% of Mean)
Skewness = -0.4, Kurtosis = 1.35, MValue = 2
-------------------- Histogram --------------------
[39.348 ns ; 48.221 ns) | @
[48.221 ns ; 59.394 ns) | @@@@
---------------------------------------------------

FlatMappingBenchmark.'ISculptor.Map<Flat, FlatDto> — warm': ShortRun(IterationCount=3, LaunchCount=1, WarmupCount=3)
Runtime = .NET 10.0.8 (10.0.826.23019), X64 RyuJIT AVX2; GC = Concurrent Workstation
Mean = 51.368 ns, StdErr = 3.455 ns (6.73%), N = 3, StdDev = 5.984 ns
Min = 45.437 ns, Q1 = 48.350 ns, Median = 51.263 ns, Q3 = 54.334 ns, Max = 57.404 ns
IQR = 5.983 ns, LowerFence = 39.375 ns, UpperFence = 63.309 ns
ConfidenceInterval = [-57.803 ns; 160.540 ns] (CI 99.9%), Margin = 109.171 ns (212.53% of Mean)
Skewness = 0.02, Kurtosis = 0.67, MValue = 2
-------------------- Histogram --------------------
[42.904 ns ; 53.796 ns) | @@
[53.796 ns ; 62.850 ns) | @
---------------------------------------------------

// * Summary *

BenchmarkDotNet v0.14.0, Windows 11 (10.0.26100.8246)
Unknown processor
.NET SDK 10.0.204
  [Host]     : .NET 10.0.8 (10.0.826.23019), X64 RyuJIT AVX2
  Job-JDRDFI : .NET 10.0.8 (10.0.826.23019), X64 RyuJIT AVX2
  ShortRun   : .NET 10.0.8 (10.0.826.23019), X64 RyuJIT AVX2

WarmupCount=3  

| Method                                | Job        | IterationCount | LaunchCount | Mean     | Error     | StdDev   | Ratio | RatioSD | Gen0   | Allocated | Alloc Ratio |
|-------------------------------------- |----------- |--------------- |------------ |---------:|----------:|---------:|------:|--------:|-------:|----------:|------------:|
| 'ISculptor.Map<Flat, FlatDto> — warm' | Job-JDRDFI | 5              | Default     | 52.57 ns |  22.26 ns | 5.780 ns |  1.01 |    0.15 | 0.0197 |     248 B |        1.00 |
|                                       |            |                |             |          |           |          |       |         |        |           |             |
| 'ISculptor.Map<Flat, FlatDto> — warm' | ShortRun   | 3              | 1           | 51.37 ns | 109.17 ns | 5.984 ns |  1.01 |    0.14 | 0.0197 |     248 B |        1.00 |

// * Legends *
  Mean        : Arithmetic mean of all measurements
  Error       : Half of 99.9% confidence interval
  StdDev      : Standard deviation of all measurements
  Ratio       : Mean of the ratio distribution ([Current]/[Baseline])
  RatioSD     : Standard deviation of the ratio distribution ([Current]/[Baseline])
  Gen0        : GC Generation 0 collects per 1000 operations
  Allocated   : Allocated memory per single operation (managed only, inclusive, 1KB = 1024B)
  Alloc Ratio : Allocated memory ratio distribution ([Current]/[Baseline])
  1 ns        : 1 Nanosecond (0.000000001 sec)

// * Diagnostic Output - MemoryDiagnoser *


// ***** BenchmarkRunner: End *****
Run time: 00:00:23 (23.49 sec), executed benchmarks: 2

Global total time: 00:00:50 (50.64 sec), executed benchmarks: 2
// * Artifacts cleanup *
Artifacts cleanup is finished
