// Validating benchmarks:
// ***** BenchmarkRunner: Start   *****
// ***** Found 2 benchmark(s) in total *****
// ***** Building 1 exe(s) in Parallel: Start   *****
// start dotnet  restore /p:UseSharedCompilation=false /p:BuildInParallel=false /m:1 /p:Deterministic=true /p:Optimize=true /p:IntermediateOutputPath="C:\Workstation\Work\Contrib\opensource\smartmapp.net\benchmarks\SmartMapp.Net.Benchmarks\bin\Release\net10.0\72212371-df32-475b-8519-1dd931751ae5\obj\Release\net10.0/" /p:OutDir="C:\Workstation\Work\Contrib\opensource\smartmapp.net\benchmarks\SmartMapp.Net.Benchmarks\bin\Release\net10.0\72212371-df32-475b-8519-1dd931751ae5\bin\Release\net10.0/" /p:OutputPath="C:\Workstation\Work\Contrib\opensource\smartmapp.net\benchmarks\SmartMapp.Net.Benchmarks\bin\Release\net10.0\72212371-df32-475b-8519-1dd931751ae5\bin\Release\net10.0/" in C:\Workstation\Work\Contrib\opensource\smartmapp.net\benchmarks\SmartMapp.Net.Benchmarks\bin\Release\net10.0\72212371-df32-475b-8519-1dd931751ae5
// command took 5.4 sec and exited with 0
// start dotnet  build -c Release --no-restore /p:UseSharedCompilation=false /p:BuildInParallel=false /m:1 /p:Deterministic=true /p:Optimize=true /p:IntermediateOutputPath="C:\Workstation\Work\Contrib\opensource\smartmapp.net\benchmarks\SmartMapp.Net.Benchmarks\bin\Release\net10.0\72212371-df32-475b-8519-1dd931751ae5\obj\Release\net10.0/" /p:OutDir="C:\Workstation\Work\Contrib\opensource\smartmapp.net\benchmarks\SmartMapp.Net.Benchmarks\bin\Release\net10.0\72212371-df32-475b-8519-1dd931751ae5\bin\Release\net10.0/" /p:OutputPath="C:\Workstation\Work\Contrib\opensource\smartmapp.net\benchmarks\SmartMapp.Net.Benchmarks\bin\Release\net10.0\72212371-df32-475b-8519-1dd931751ae5\bin\Release\net10.0/" --output "C:\Workstation\Work\Contrib\opensource\smartmapp.net\benchmarks\SmartMapp.Net.Benchmarks\bin\Release\net10.0\72212371-df32-475b-8519-1dd931751ae5\bin\Release\net10.0/" in C:\Workstation\Work\Contrib\opensource\smartmapp.net\benchmarks\SmartMapp.Net.Benchmarks\bin\Release\net10.0\72212371-df32-475b-8519-1dd931751ae5
// command took 28.62 sec and exited with 0
// ***** Done, took 00:00:34 (34.37 sec)   *****
// Found 2 benchmarks:
//   FlatMappingBenchmark.'ISculptor.Map<Flat, FlatDto> — warm': Job-ZTJULE(IterationCount=5, WarmupCount=3)
//   FlatMappingBenchmark.'ISculptor.Map<Flat, FlatDto> — warm': ShortRun(IterationCount=3, LaunchCount=1, WarmupCount=3)

Setup power plan (GUID: 8c5e7fda-e8bf-4a96-9a85-a6e23a8c635c FriendlyName: High performance)
// **************************
// Benchmark: FlatMappingBenchmark.'ISculptor.Map<Flat, FlatDto> — warm': Job-ZTJULE(IterationCount=5, WarmupCount=3)
// *** Execute ***
// Launch: 1 / 1
// Execute: dotnet 72212371-df32-475b-8519-1dd931751ae5.dll --anonymousPipes 2348 2176 --benchmarkName SmartMapp.Net.Benchmarks.Sprint8.FlatMappingBenchmark.Map_Warm --job "IterationCount=5, WarmupCount=3" --benchmarkId 0 in C:\Workstation\Work\Contrib\opensource\smartmapp.net\benchmarks\SmartMapp.Net.Benchmarks\bin\Release\net10.0\72212371-df32-475b-8519-1dd931751ae5\bin\Release\net10.0
// BeforeAnythingElse

// Benchmark Process Environment Information:
// BenchmarkDotNet v0.14.0
// Runtime=.NET 10.0.8 (10.0.826.23019), X64 RyuJIT AVX2
// GC=Concurrent Workstation
// HardwareIntrinsics=AVX2,AES,BMI1,BMI2,FMA,LZCNT,PCLMUL,POPCNT,AvxVnni,SERIALIZE VectorSize=256
// Job: Job-WZONSJ(IterationCount=5, WarmupCount=3)

OverheadJitting  1: 1 op, 365500.00 ns, 365.5000 us/op
WorkloadJitting  1: 1 op, 3335200.00 ns, 3.3352 ms/op

OverheadJitting  2: 16 op, 550300.00 ns, 34.3938 us/op
WorkloadJitting  2: 16 op, 918400.00 ns, 57.4000 us/op

WorkloadPilot    1: 16 op, 15200.00 ns, 950.0000 ns/op
WorkloadPilot    2: 32 op, 37500.00 ns, 1.1719 us/op
WorkloadPilot    3: 64 op, 44400.00 ns, 693.7500 ns/op
WorkloadPilot    4: 128 op, 51300.00 ns, 400.7813 ns/op
WorkloadPilot    5: 256 op, 111000.00 ns, 433.5938 ns/op
WorkloadPilot    6: 512 op, 225000.00 ns, 439.4531 ns/op
WorkloadPilot    7: 1024 op, 159300.00 ns, 155.5664 ns/op
WorkloadPilot    8: 2048 op, 354200.00 ns, 172.9492 ns/op
WorkloadPilot    9: 4096 op, 871800.00 ns, 212.8418 ns/op
WorkloadPilot   10: 8192 op, 1975600.00 ns, 241.1621 ns/op
WorkloadPilot   11: 16384 op, 3142300.00 ns, 191.7908 ns/op
WorkloadPilot   12: 32768 op, 6975900.00 ns, 212.8876 ns/op
WorkloadPilot   13: 65536 op, 15758400.00 ns, 240.4541 ns/op
WorkloadPilot   14: 131072 op, 25180000.00 ns, 192.1082 ns/op
WorkloadPilot   15: 262144 op, 56611800.00 ns, 215.9569 ns/op
WorkloadPilot   16: 524288 op, 104289700.00 ns, 198.9168 ns/op
WorkloadPilot   17: 1048576 op, 183698200.00 ns, 175.1883 ns/op
WorkloadPilot   18: 2097152 op, 171015200.00 ns, 81.5464 ns/op
WorkloadPilot   19: 4194304 op, 331056800.00 ns, 78.9301 ns/op
WorkloadPilot   20: 8388608 op, 593936300.00 ns, 70.8027 ns/op

OverheadWarmup   1: 8388608 op, 32783900.00 ns, 3.9081 ns/op
OverheadWarmup   2: 8388608 op, 28822200.00 ns, 3.4359 ns/op
OverheadWarmup   3: 8388608 op, 32217500.00 ns, 3.8406 ns/op
OverheadWarmup   4: 8388608 op, 31348400.00 ns, 3.7370 ns/op
OverheadWarmup   5: 8388608 op, 33124500.00 ns, 3.9487 ns/op
OverheadWarmup   6: 8388608 op, 29826900.00 ns, 3.5556 ns/op

OverheadActual   1: 8388608 op, 32954800.00 ns, 3.9285 ns/op
OverheadActual   2: 8388608 op, 31295900.00 ns, 3.7308 ns/op
OverheadActual   3: 8388608 op, 33085200.00 ns, 3.9441 ns/op
OverheadActual   4: 8388608 op, 33354000.00 ns, 3.9761 ns/op
OverheadActual   5: 8388608 op, 34909000.00 ns, 4.1615 ns/op
OverheadActual   6: 8388608 op, 31259100.00 ns, 3.7264 ns/op
OverheadActual   7: 8388608 op, 39704600.00 ns, 4.7332 ns/op
OverheadActual   8: 8388608 op, 34382700.00 ns, 4.0987 ns/op
OverheadActual   9: 8388608 op, 33071100.00 ns, 3.9424 ns/op
OverheadActual  10: 8388608 op, 26367700.00 ns, 3.1433 ns/op
OverheadActual  11: 8388608 op, 27559500.00 ns, 3.2853 ns/op
OverheadActual  12: 8388608 op, 30809600.00 ns, 3.6728 ns/op
OverheadActual  13: 8388608 op, 29463800.00 ns, 3.5124 ns/op
OverheadActual  14: 8388608 op, 28165000.00 ns, 3.3575 ns/op
OverheadActual  15: 8388608 op, 30366700.00 ns, 3.6200 ns/op
OverheadActual  16: 8388608 op, 27432100.00 ns, 3.2702 ns/op
OverheadActual  17: 8388608 op, 23808100.00 ns, 2.8381 ns/op
OverheadActual  18: 8388608 op, 28023200.00 ns, 3.3406 ns/op
OverheadActual  19: 8388608 op, 27553100.00 ns, 3.2846 ns/op
OverheadActual  20: 8388608 op, 29149300.00 ns, 3.4749 ns/op

WorkloadWarmup   1: 8388608 op, 534261200.00 ns, 63.6889 ns/op
WorkloadWarmup   2: 8388608 op, 482700600.00 ns, 57.5424 ns/op
WorkloadWarmup   3: 8388608 op, 503872300.00 ns, 60.0663 ns/op

// BeforeActualRun
WorkloadActual   1: 8388608 op, 556705100.00 ns, 66.3644 ns/op
WorkloadActual   2: 8388608 op, 545611700.00 ns, 65.0420 ns/op
WorkloadActual   3: 8388608 op, 601932100.00 ns, 71.7559 ns/op
WorkloadActual   4: 8388608 op, 592735400.00 ns, 70.6596 ns/op
WorkloadActual   5: 8388608 op, 642859800.00 ns, 76.6349 ns/op

// AfterActualRun
WorkloadResult   1: 8388608 op, 526116950.00 ns, 62.7180 ns/op
WorkloadResult   2: 8388608 op, 515023550.00 ns, 61.3956 ns/op
WorkloadResult   3: 8388608 op, 571343950.00 ns, 68.1095 ns/op
WorkloadResult   4: 8388608 op, 562147250.00 ns, 67.0132 ns/op
WorkloadResult   5: 8388608 op, 612271650.00 ns, 72.9885 ns/op
// GC:  165 0 0 2080375184 8388608
// Threading:  0 0 8388608

// AfterAll
// Benchmark Process 30452 has exited with code 0.

Mean = 66.445 ns, StdErr = 2.065 ns (3.11%), N = 5, StdDev = 4.618 ns
Min = 61.396 ns, Q1 = 62.718 ns, Median = 67.013 ns, Q3 = 68.110 ns, Max = 72.988 ns
IQR = 5.391 ns, LowerFence = 54.631 ns, UpperFence = 76.197 ns
ConfidenceInterval = [48.663 ns; 84.227 ns] (CI 99.9%), Margin = 17.782 ns (26.76% of Mean)
Skewness = 0.21, Kurtosis = 1.18, MValue = 2

// ** Remained 1 (50.0%) benchmark(s) to run. Estimated finish 2026-05-17 2:35 (0h 0m from now) **
Setup power plan (GUID: 8c5e7fda-e8bf-4a96-9a85-a6e23a8c635c FriendlyName: High performance)
// **************************
// Benchmark: FlatMappingBenchmark.'ISculptor.Map<Flat, FlatDto> — warm': ShortRun(IterationCount=3, LaunchCount=1, WarmupCount=3)
// *** Execute ***
// Launch: 1 / 1
// Execute: dotnet 72212371-df32-475b-8519-1dd931751ae5.dll --anonymousPipes 1900 1656 --benchmarkName SmartMapp.Net.Benchmarks.Sprint8.FlatMappingBenchmark.Map_Warm --job ShortRun --benchmarkId 1 in C:\Workstation\Work\Contrib\opensource\smartmapp.net\benchmarks\SmartMapp.Net.Benchmarks\bin\Release\net10.0\72212371-df32-475b-8519-1dd931751ae5\bin\Release\net10.0
// BeforeAnythingElse

// Benchmark Process Environment Information:
// BenchmarkDotNet v0.14.0
// Runtime=.NET 10.0.8 (10.0.826.23019), X64 RyuJIT AVX2
// GC=Concurrent Workstation
// HardwareIntrinsics=AVX2,AES,BMI1,BMI2,FMA,LZCNT,PCLMUL,POPCNT,AvxVnni,SERIALIZE VectorSize=256
// Job: ShortRun(IterationCount=3, LaunchCount=1, WarmupCount=3)

OverheadJitting  1: 1 op, 387900.00 ns, 387.9000 us/op
WorkloadJitting  1: 1 op, 2820600.00 ns, 2.8206 ms/op

OverheadJitting  2: 16 op, 613200.00 ns, 38.3250 us/op
WorkloadJitting  2: 16 op, 584000.00 ns, 36.5000 us/op

WorkloadPilot    1: 16 op, 15400.00 ns, 962.5000 ns/op
WorkloadPilot    2: 32 op, 27000.00 ns, 843.7500 ns/op
WorkloadPilot    3: 64 op, 37900.00 ns, 592.1875 ns/op
WorkloadPilot    4: 128 op, 51800.00 ns, 404.6875 ns/op
WorkloadPilot    5: 256 op, 115200.00 ns, 450.0000 ns/op
WorkloadPilot    6: 512 op, 147500.00 ns, 288.0859 ns/op
WorkloadPilot    7: 1024 op, 196500.00 ns, 191.8945 ns/op
WorkloadPilot    8: 2048 op, 319500.00 ns, 156.0059 ns/op
WorkloadPilot    9: 4096 op, 788300.00 ns, 192.4561 ns/op
WorkloadPilot   10: 8192 op, 2061200.00 ns, 251.6113 ns/op
WorkloadPilot   11: 16384 op, 3121000.00 ns, 190.4907 ns/op
WorkloadPilot   12: 32768 op, 7873200.00 ns, 240.2710 ns/op
WorkloadPilot   13: 65536 op, 13273000.00 ns, 202.5299 ns/op
WorkloadPilot   14: 131072 op, 20677800.00 ns, 157.7591 ns/op
WorkloadPilot   15: 262144 op, 36956400.00 ns, 140.9775 ns/op
WorkloadPilot   16: 524288 op, 74969100.00 ns, 142.9922 ns/op
WorkloadPilot   17: 1048576 op, 77498300.00 ns, 73.9081 ns/op
WorkloadPilot   18: 2097152 op, 169408300.00 ns, 80.7802 ns/op
WorkloadPilot   19: 4194304 op, 334858400.00 ns, 79.8365 ns/op
WorkloadPilot   20: 8388608 op, 681054200.00 ns, 81.1880 ns/op

OverheadWarmup   1: 8388608 op, 43784600.00 ns, 5.2195 ns/op
OverheadWarmup   2: 8388608 op, 38567200.00 ns, 4.5976 ns/op
OverheadWarmup   3: 8388608 op, 35267700.00 ns, 4.2042 ns/op
OverheadWarmup   4: 8388608 op, 34699400.00 ns, 4.1365 ns/op
OverheadWarmup   5: 8388608 op, 33978600.00 ns, 4.0506 ns/op
OverheadWarmup   6: 8388608 op, 40229100.00 ns, 4.7957 ns/op
OverheadWarmup   7: 8388608 op, 36822500.00 ns, 4.3896 ns/op
OverheadWarmup   8: 8388608 op, 38650600.00 ns, 4.6075 ns/op
OverheadWarmup   9: 8388608 op, 34813200.00 ns, 4.1501 ns/op

OverheadActual   1: 8388608 op, 30904900.00 ns, 3.6842 ns/op
OverheadActual   2: 8388608 op, 30355700.00 ns, 3.6187 ns/op
OverheadActual   3: 8388608 op, 30394800.00 ns, 3.6233 ns/op
OverheadActual   4: 8388608 op, 29496300.00 ns, 3.5162 ns/op
OverheadActual   5: 8388608 op, 29848000.00 ns, 3.5582 ns/op
OverheadActual   6: 8388608 op, 31106800.00 ns, 3.7082 ns/op
OverheadActual   7: 8388608 op, 26703600.00 ns, 3.1833 ns/op
OverheadActual   8: 8388608 op, 32953100.00 ns, 3.9283 ns/op
OverheadActual   9: 8388608 op, 29446300.00 ns, 3.5103 ns/op
OverheadActual  10: 8388608 op, 34926400.00 ns, 4.1636 ns/op
OverheadActual  11: 8388608 op, 32803300.00 ns, 3.9105 ns/op
OverheadActual  12: 8388608 op, 29508500.00 ns, 3.5177 ns/op
OverheadActual  13: 8388608 op, 28654700.00 ns, 3.4159 ns/op
OverheadActual  14: 8388608 op, 30912300.00 ns, 3.6850 ns/op
OverheadActual  15: 8388608 op, 34239300.00 ns, 4.0816 ns/op
OverheadActual  16: 8388608 op, 29604200.00 ns, 3.5291 ns/op
OverheadActual  17: 8388608 op, 30968800.00 ns, 3.6918 ns/op
OverheadActual  18: 8388608 op, 27036400.00 ns, 3.2230 ns/op
OverheadActual  19: 8388608 op, 30441200.00 ns, 3.6289 ns/op
OverheadActual  20: 8388608 op, 27373400.00 ns, 3.2632 ns/op

WorkloadWarmup   1: 8388608 op, 708602100.00 ns, 84.4720 ns/op
WorkloadWarmup   2: 8388608 op, 728295300.00 ns, 86.8196 ns/op
WorkloadWarmup   3: 8388608 op, 725131800.00 ns, 86.4424 ns/op

// BeforeActualRun
WorkloadActual   1: 8388608 op, 733454500.00 ns, 87.4346 ns/op
WorkloadActual   2: 8388608 op, 756446300.00 ns, 90.1754 ns/op
WorkloadActual   3: 8388608 op, 779504300.00 ns, 92.9242 ns/op

// AfterActualRun
WorkloadResult   1: 8388608 op, 703079250.00 ns, 83.8136 ns/op
WorkloadResult   2: 8388608 op, 726071050.00 ns, 86.5544 ns/op
WorkloadResult   3: 8388608 op, 749129050.00 ns, 89.3031 ns/op
// GC:  165 0 0 2080375184 8388608
// Threading:  0 0 8388608

// AfterAll
// Benchmark Process 15048 has exited with code 0.

Mean = 86.557 ns, StdErr = 1.585 ns (1.83%), N = 3, StdDev = 2.745 ns
Min = 83.814 ns, Q1 = 85.184 ns, Median = 86.554 ns, Q3 = 87.929 ns, Max = 89.303 ns
IQR = 2.745 ns, LowerFence = 81.067 ns, UpperFence = 92.046 ns
ConfidenceInterval = [36.482 ns; 136.632 ns] (CI 99.9%), Margin = 50.075 ns (57.85% of Mean)
Skewness = 0, Kurtosis = 0.67, MValue = 2

// ** Remained 0 (0.0%) benchmark(s) to run. Estimated finish 2026-05-17 2:35 (0h 0m from now) **
Successfully reverted power plan (GUID: 8c5e7fda-e8bf-4a96-9a85-a6e23a8c635c FriendlyName: High performance)
// ***** BenchmarkRunner: Finish  *****

// * Export *
  BenchmarkDotNet.Artifacts\results\SmartMapp.Net.Benchmarks.Sprint8.FlatMappingBenchmark-report.csv
  BenchmarkDotNet.Artifacts\results\SmartMapp.Net.Benchmarks.Sprint8.FlatMappingBenchmark-report-github.md
  BenchmarkDotNet.Artifacts\results\SmartMapp.Net.Benchmarks.Sprint8.FlatMappingBenchmark-report.html

// * Detailed results *
FlatMappingBenchmark.'ISculptor.Map<Flat, FlatDto> — warm': Job-ZTJULE(IterationCount=5, WarmupCount=3)
Runtime = .NET 10.0.8 (10.0.826.23019), X64 RyuJIT AVX2; GC = Concurrent Workstation
Mean = 66.445 ns, StdErr = 2.065 ns (3.11%), N = 5, StdDev = 4.618 ns
Min = 61.396 ns, Q1 = 62.718 ns, Median = 67.013 ns, Q3 = 68.110 ns, Max = 72.988 ns
IQR = 5.391 ns, LowerFence = 54.631 ns, UpperFence = 76.197 ns
ConfidenceInterval = [48.663 ns; 84.227 ns] (CI 99.9%), Margin = 17.782 ns (26.76% of Mean)
Skewness = 0.21, Kurtosis = 1.18, MValue = 2
-------------------- Histogram --------------------
[61.208 ns ; 68.297 ns) | @@@@
[68.297 ns ; 76.533 ns) | @
---------------------------------------------------

FlatMappingBenchmark.'ISculptor.Map<Flat, FlatDto> — warm': ShortRun(IterationCount=3, LaunchCount=1, WarmupCount=3)
Runtime = .NET 10.0.8 (10.0.826.23019), X64 RyuJIT AVX2; GC = Concurrent Workstation
Mean = 86.557 ns, StdErr = 1.585 ns (1.83%), N = 3, StdDev = 2.745 ns
Min = 83.814 ns, Q1 = 85.184 ns, Median = 86.554 ns, Q3 = 87.929 ns, Max = 89.303 ns
IQR = 2.745 ns, LowerFence = 81.067 ns, UpperFence = 92.046 ns
ConfidenceInterval = [36.482 ns; 136.632 ns] (CI 99.9%), Margin = 50.075 ns (57.85% of Mean)
Skewness = 0, Kurtosis = 0.67, MValue = 2
-------------------- Histogram --------------------
[82.686 ns ; 87.682 ns) | @@
[87.682 ns ; 91.801 ns) | @
---------------------------------------------------

// * Summary *

BenchmarkDotNet v0.14.0, Windows 11 (10.0.26100.8457)
Unknown processor
.NET SDK 10.0.204
  [Host]     : .NET 10.0.8 (10.0.826.23019), X64 RyuJIT AVX2
  Job-ZTJULE : .NET 10.0.8 (10.0.826.23019), X64 RyuJIT AVX2
  ShortRun   : .NET 10.0.8 (10.0.826.23019), X64 RyuJIT AVX2

WarmupCount=3  

| Method                                | Job        | IterationCount | LaunchCount | Mean     | Error    | StdDev   | Ratio | RatioSD | Gen0   | Allocated | Alloc Ratio |
|-------------------------------------- |----------- |--------------- |------------ |---------:|---------:|---------:|------:|--------:|-------:|----------:|------------:|
| 'ISculptor.Map<Flat, FlatDto> — warm' | Job-ZTJULE | 5              | Default     | 66.44 ns | 17.78 ns | 4.618 ns |  1.00 |    0.09 | 0.0197 |     248 B |        1.00 |
|                                       |            |                |             |          |          |          |       |         |        |           |             |
| 'ISculptor.Map<Flat, FlatDto> — warm' | ShortRun   | 3              | 1           | 86.56 ns | 50.08 ns | 2.745 ns |  1.00 |    0.04 | 0.0197 |     248 B |        1.00 |

// * Legends *
  Mean        : Arithmetic mean of all measurements
  Error       : Half of 99.9% confidence interval
  StdDev      : Standard deviation of all measurements
  Ratio       : Mean of the ratio distribution ([Current]/[Baseline])
  RatioSD     : Standard deviation of the ratio distribution ([Current]/[Baseline])
  Gen0        : GC Generation 0 collects per 1000 operations
  Allocated   : Allocated memory per single operation (managed only, inclusive, 1KB = 1024B)
  Alloc Ratio : Allocated memory ratio distribution ([Current]/[Baseline])
  1 ns        : 1 Nanosecond (0.000000001 sec)

// * Diagnostic Output - MemoryDiagnoser *


// ***** BenchmarkRunner: End *****
Run time: 00:00:17 (17.31 sec), executed benchmarks: 2

Global total time: 00:00:52 (52.02 sec), executed benchmarks: 2
// * Artifacts cleanup *
Artifacts cleanup is finished
