// Validating benchmarks:
// ***** BenchmarkRunner: Start   *****
// ***** Found 2 benchmark(s) in total *****
// ***** Building 1 exe(s) in Parallel: Start   *****
// start dotnet  restore /p:UseSharedCompilation=false /p:BuildInParallel=false /m:1 /p:Deterministic=true /p:Optimize=true /p:IntermediateOutputPath="C:\Workstation\Work\Contrib\opensource\smartmapp.net\benchmarks\SmartMapp.Net.Benchmarks\bin\Release\net10.0\1b0be294-3205-4724-bc03-96928e5a63ad\obj\Release\net10.0/" /p:OutDir="C:\Workstation\Work\Contrib\opensource\smartmapp.net\benchmarks\SmartMapp.Net.Benchmarks\bin\Release\net10.0\1b0be294-3205-4724-bc03-96928e5a63ad\bin\Release\net10.0/" /p:OutputPath="C:\Workstation\Work\Contrib\opensource\smartmapp.net\benchmarks\SmartMapp.Net.Benchmarks\bin\Release\net10.0\1b0be294-3205-4724-bc03-96928e5a63ad\bin\Release\net10.0/" in C:\Workstation\Work\Contrib\opensource\smartmapp.net\benchmarks\SmartMapp.Net.Benchmarks\bin\Release\net10.0\1b0be294-3205-4724-bc03-96928e5a63ad
// command took 2.69 sec and exited with 0
// start dotnet  build -c Release --no-restore /p:UseSharedCompilation=false /p:BuildInParallel=false /m:1 /p:Deterministic=true /p:Optimize=true /p:IntermediateOutputPath="C:\Workstation\Work\Contrib\opensource\smartmapp.net\benchmarks\SmartMapp.Net.Benchmarks\bin\Release\net10.0\1b0be294-3205-4724-bc03-96928e5a63ad\obj\Release\net10.0/" /p:OutDir="C:\Workstation\Work\Contrib\opensource\smartmapp.net\benchmarks\SmartMapp.Net.Benchmarks\bin\Release\net10.0\1b0be294-3205-4724-bc03-96928e5a63ad\bin\Release\net10.0/" /p:OutputPath="C:\Workstation\Work\Contrib\opensource\smartmapp.net\benchmarks\SmartMapp.Net.Benchmarks\bin\Release\net10.0\1b0be294-3205-4724-bc03-96928e5a63ad\bin\Release\net10.0/" --output "C:\Workstation\Work\Contrib\opensource\smartmapp.net\benchmarks\SmartMapp.Net.Benchmarks\bin\Release\net10.0\1b0be294-3205-4724-bc03-96928e5a63ad\bin\Release\net10.0/" in C:\Workstation\Work\Contrib\opensource\smartmapp.net\benchmarks\SmartMapp.Net.Benchmarks\bin\Release\net10.0\1b0be294-3205-4724-bc03-96928e5a63ad
// command took 21.82 sec and exited with 0
// ***** Done, took 00:00:24 (24.66 sec)   *****
// Found 2 benchmarks:
//   FlatMappingBenchmark.'ISculptor.Map<Flat, FlatDto> — warm': Job-EDAMOB(IterationCount=5, WarmupCount=3)
//   FlatMappingBenchmark.'ISculptor.Map<Flat, FlatDto> — warm': ShortRun(IterationCount=3, LaunchCount=1, WarmupCount=3)

Setup power plan (GUID: 8c5e7fda-e8bf-4a96-9a85-a6e23a8c635c FriendlyName: High performance)
// **************************
// Benchmark: FlatMappingBenchmark.'ISculptor.Map<Flat, FlatDto> — warm': Job-EDAMOB(IterationCount=5, WarmupCount=3)
// *** Execute ***
// Launch: 1 / 1
// Execute: dotnet 1b0be294-3205-4724-bc03-96928e5a63ad.dll --anonymousPipes 2064 2480 --benchmarkName SmartMapp.Net.Benchmarks.Sprint8.FlatMappingBenchmark.Map_Warm --job "IterationCount=5, WarmupCount=3" --benchmarkId 0 in C:\Workstation\Work\Contrib\opensource\smartmapp.net\benchmarks\SmartMapp.Net.Benchmarks\bin\Release\net10.0\1b0be294-3205-4724-bc03-96928e5a63ad\bin\Release\net10.0
// BeforeAnythingElse

// Benchmark Process Environment Information:
// BenchmarkDotNet v0.14.0
// Runtime=.NET 10.0.8 (10.0.826.23019), X64 RyuJIT AVX2
// GC=Concurrent Workstation
// HardwareIntrinsics=AVX2,AES,BMI1,BMI2,FMA,LZCNT,PCLMUL,POPCNT,AvxVnni,SERIALIZE VectorSize=256
// Job: Job-GORSPQ(IterationCount=5, WarmupCount=3)

OverheadJitting  1: 1 op, 328100.00 ns, 328.1000 us/op
WorkloadJitting  1: 1 op, 2927900.00 ns, 2.9279 ms/op

OverheadJitting  2: 16 op, 429700.00 ns, 26.8563 us/op
WorkloadJitting  2: 16 op, 454400.00 ns, 28.4000 us/op

WorkloadPilot    1: 16 op, 10100.00 ns, 631.2500 ns/op
WorkloadPilot    2: 32 op, 19200.00 ns, 600.0000 ns/op
WorkloadPilot    3: 64 op, 26500.00 ns, 414.0625 ns/op
WorkloadPilot    4: 128 op, 35200.00 ns, 275.0000 ns/op
WorkloadPilot    5: 256 op, 65000.00 ns, 253.9063 ns/op
WorkloadPilot    6: 512 op, 117500.00 ns, 229.4922 ns/op
WorkloadPilot    7: 1024 op, 192200.00 ns, 187.6953 ns/op
WorkloadPilot    8: 2048 op, 287700.00 ns, 140.4785 ns/op
WorkloadPilot    9: 4096 op, 577600.00 ns, 141.0156 ns/op
WorkloadPilot   10: 8192 op, 1908200.00 ns, 232.9346 ns/op
WorkloadPilot   11: 16384 op, 2428100.00 ns, 148.1995 ns/op
WorkloadPilot   12: 32768 op, 4952300.00 ns, 151.1322 ns/op
WorkloadPilot   13: 65536 op, 10735000.00 ns, 163.8031 ns/op
WorkloadPilot   14: 131072 op, 16720700.00 ns, 127.5688 ns/op
WorkloadPilot   15: 262144 op, 32499100.00 ns, 123.9742 ns/op
WorkloadPilot   16: 524288 op, 61398200.00 ns, 117.1078 ns/op
WorkloadPilot   17: 1048576 op, 86611700.00 ns, 82.5994 ns/op
WorkloadPilot   18: 2097152 op, 116074400.00 ns, 55.3486 ns/op
WorkloadPilot   19: 4194304 op, 230038800.00 ns, 54.8455 ns/op
WorkloadPilot   20: 8388608 op, 480747800.00 ns, 57.3096 ns/op
WorkloadPilot   21: 16777216 op, 997087500.00 ns, 59.4310 ns/op

OverheadWarmup   1: 16777216 op, 64804200.00 ns, 3.8626 ns/op
OverheadWarmup   2: 16777216 op, 63956800.00 ns, 3.8121 ns/op
OverheadWarmup   3: 16777216 op, 62599900.00 ns, 3.7312 ns/op
OverheadWarmup   4: 16777216 op, 52706800.00 ns, 3.1416 ns/op
OverheadWarmup   5: 16777216 op, 48647900.00 ns, 2.8996 ns/op
OverheadWarmup   6: 16777216 op, 47594300.00 ns, 2.8368 ns/op
OverheadWarmup   7: 16777216 op, 45912800.00 ns, 2.7366 ns/op
OverheadWarmup   8: 16777216 op, 46948400.00 ns, 2.7983 ns/op
OverheadWarmup   9: 16777216 op, 46198000.00 ns, 2.7536 ns/op
OverheadWarmup  10: 16777216 op, 46098500.00 ns, 2.7477 ns/op

OverheadActual   1: 16777216 op, 46807800.00 ns, 2.7900 ns/op
OverheadActual   2: 16777216 op, 46260500.00 ns, 2.7573 ns/op
OverheadActual   3: 16777216 op, 45946500.00 ns, 2.7386 ns/op
OverheadActual   4: 16777216 op, 46205000.00 ns, 2.7540 ns/op
OverheadActual   5: 16777216 op, 45817300.00 ns, 2.7309 ns/op
OverheadActual   6: 16777216 op, 46403400.00 ns, 2.7659 ns/op
OverheadActual   7: 16777216 op, 45955600.00 ns, 2.7392 ns/op
OverheadActual   8: 16777216 op, 45757500.00 ns, 2.7274 ns/op
OverheadActual   9: 16777216 op, 45936400.00 ns, 2.7380 ns/op
OverheadActual  10: 16777216 op, 46066200.00 ns, 2.7458 ns/op
OverheadActual  11: 16777216 op, 46391900.00 ns, 2.7652 ns/op
OverheadActual  12: 16777216 op, 45808600.00 ns, 2.7304 ns/op
OverheadActual  13: 16777216 op, 46041200.00 ns, 2.7443 ns/op
OverheadActual  14: 16777216 op, 49144000.00 ns, 2.9292 ns/op
OverheadActual  15: 16777216 op, 50961700.00 ns, 3.0376 ns/op

WorkloadWarmup   1: 16777216 op, 882220200.00 ns, 52.5844 ns/op
WorkloadWarmup   2: 16777216 op, 904192900.00 ns, 53.8941 ns/op
WorkloadWarmup   3: 16777216 op, 890666900.00 ns, 53.0879 ns/op

// BeforeActualRun
WorkloadActual   1: 16777216 op, 898359200.00 ns, 53.5464 ns/op
WorkloadActual   2: 16777216 op, 922129000.00 ns, 54.9632 ns/op
WorkloadActual   3: 16777216 op, 946381800.00 ns, 56.4088 ns/op
WorkloadActual   4: 16777216 op, 978397100.00 ns, 58.3170 ns/op
WorkloadActual   5: 16777216 op, 945154200.00 ns, 56.3356 ns/op

// AfterActualRun
WorkloadResult   1: 16777216 op, 852293000.00 ns, 50.8006 ns/op
WorkloadResult   2: 16777216 op, 876062800.00 ns, 52.2174 ns/op
WorkloadResult   3: 16777216 op, 900315600.00 ns, 53.6630 ns/op
WorkloadResult   4: 16777216 op, 932330900.00 ns, 55.5713 ns/op
WorkloadResult   5: 16777216 op, 899088000.00 ns, 53.5898 ns/op
// GC:  331 0 0 4160749968 16777216
// Threading:  0 0 16777216

// AfterAll
// Benchmark Process 45380 has exited with code 0.

Mean = 53.168 ns, StdErr = 0.797 ns (1.50%), N = 5, StdDev = 1.782 ns
Min = 50.801 ns, Q1 = 52.217 ns, Median = 53.590 ns, Q3 = 53.663 ns, Max = 55.571 ns
IQR = 1.446 ns, LowerFence = 50.049 ns, UpperFence = 55.831 ns
ConfidenceInterval = [46.305 ns; 60.032 ns] (CI 99.9%), Margin = 6.863 ns (12.91% of Mean)
Skewness = -0, Kurtosis = 1.3, MValue = 2

// ** Remained 1 (50.0%) benchmark(s) to run. Estimated finish 2026-05-15 21:12 (0h 0m from now) **
Setup power plan (GUID: 8c5e7fda-e8bf-4a96-9a85-a6e23a8c635c FriendlyName: High performance)
// **************************
// Benchmark: FlatMappingBenchmark.'ISculptor.Map<Flat, FlatDto> — warm': ShortRun(IterationCount=3, LaunchCount=1, WarmupCount=3)
// *** Execute ***
// Launch: 1 / 1
// Execute: dotnet 1b0be294-3205-4724-bc03-96928e5a63ad.dll --anonymousPipes 1932 2080 --benchmarkName SmartMapp.Net.Benchmarks.Sprint8.FlatMappingBenchmark.Map_Warm --job ShortRun --benchmarkId 1 in C:\Workstation\Work\Contrib\opensource\smartmapp.net\benchmarks\SmartMapp.Net.Benchmarks\bin\Release\net10.0\1b0be294-3205-4724-bc03-96928e5a63ad\bin\Release\net10.0
// BeforeAnythingElse

// Benchmark Process Environment Information:
// BenchmarkDotNet v0.14.0
// Runtime=.NET 10.0.8 (10.0.826.23019), X64 RyuJIT AVX2
// GC=Concurrent Workstation
// HardwareIntrinsics=AVX2,AES,BMI1,BMI2,FMA,LZCNT,PCLMUL,POPCNT,AvxVnni,SERIALIZE VectorSize=256
// Job: ShortRun(IterationCount=3, LaunchCount=1, WarmupCount=3)

OverheadJitting  1: 1 op, 288800.00 ns, 288.8000 us/op
WorkloadJitting  1: 1 op, 2463400.00 ns, 2.4634 ms/op

OverheadJitting  2: 16 op, 386100.00 ns, 24.1313 us/op
WorkloadJitting  2: 16 op, 400500.00 ns, 25.0313 us/op

WorkloadPilot    1: 16 op, 11500.00 ns, 718.7500 ns/op
WorkloadPilot    2: 32 op, 20800.00 ns, 650.0000 ns/op
WorkloadPilot    3: 64 op, 23300.00 ns, 364.0625 ns/op
WorkloadPilot    4: 128 op, 45900.00 ns, 358.5938 ns/op
WorkloadPilot    5: 256 op, 76000.00 ns, 296.8750 ns/op
WorkloadPilot    6: 512 op, 140400.00 ns, 274.2188 ns/op
WorkloadPilot    7: 1024 op, 244400.00 ns, 238.6719 ns/op
WorkloadPilot    8: 2048 op, 281800.00 ns, 137.5977 ns/op
WorkloadPilot    9: 4096 op, 919600.00 ns, 224.5117 ns/op
WorkloadPilot   10: 8192 op, 2067700.00 ns, 252.4048 ns/op
WorkloadPilot   11: 16384 op, 2224300.00 ns, 135.7605 ns/op
WorkloadPilot   12: 32768 op, 4351200.00 ns, 132.7881 ns/op
WorkloadPilot   13: 65536 op, 8823200.00 ns, 134.6313 ns/op
WorkloadPilot   14: 131072 op, 13723600.00 ns, 104.7028 ns/op
WorkloadPilot   15: 262144 op, 24780100.00 ns, 94.5286 ns/op
WorkloadPilot   16: 524288 op, 50599900.00 ns, 96.5117 ns/op
WorkloadPilot   17: 1048576 op, 71019100.00 ns, 67.7291 ns/op
WorkloadPilot   18: 2097152 op, 95873300.00 ns, 45.7160 ns/op
WorkloadPilot   19: 4194304 op, 194179100.00 ns, 46.2959 ns/op
WorkloadPilot   20: 8388608 op, 418278700.00 ns, 49.8627 ns/op
WorkloadPilot   21: 16777216 op, 925494200.00 ns, 55.1638 ns/op

OverheadWarmup   1: 16777216 op, 56255900.00 ns, 3.3531 ns/op
OverheadWarmup   2: 16777216 op, 54486300.00 ns, 3.2476 ns/op
OverheadWarmup   3: 16777216 op, 55368400.00 ns, 3.3002 ns/op
OverheadWarmup   4: 16777216 op, 51717800.00 ns, 3.0826 ns/op
OverheadWarmup   5: 16777216 op, 44056500.00 ns, 2.6260 ns/op
OverheadWarmup   6: 16777216 op, 45778200.00 ns, 2.7286 ns/op
OverheadWarmup   7: 16777216 op, 51472100.00 ns, 3.0680 ns/op
OverheadWarmup   8: 16777216 op, 45483000.00 ns, 2.7110 ns/op

OverheadActual   1: 16777216 op, 45447600.00 ns, 2.7089 ns/op
OverheadActual   2: 16777216 op, 44958200.00 ns, 2.6797 ns/op
OverheadActual   3: 16777216 op, 45133700.00 ns, 2.6902 ns/op
OverheadActual   4: 16777216 op, 44891900.00 ns, 2.6758 ns/op
OverheadActual   5: 16777216 op, 45564200.00 ns, 2.7158 ns/op
OverheadActual   6: 16777216 op, 45064300.00 ns, 2.6860 ns/op
OverheadActual   7: 16777216 op, 43939500.00 ns, 2.6190 ns/op
OverheadActual   8: 16777216 op, 45044700.00 ns, 2.6849 ns/op
OverheadActual   9: 16777216 op, 44986300.00 ns, 2.6814 ns/op
OverheadActual  10: 16777216 op, 44941100.00 ns, 2.6787 ns/op
OverheadActual  11: 16777216 op, 45243100.00 ns, 2.6967 ns/op
OverheadActual  12: 16777216 op, 45112600.00 ns, 2.6889 ns/op
OverheadActual  13: 16777216 op, 44606700.00 ns, 2.6588 ns/op
OverheadActual  14: 16777216 op, 45835200.00 ns, 2.7320 ns/op
OverheadActual  15: 16777216 op, 44857900.00 ns, 2.6737 ns/op

WorkloadWarmup   1: 16777216 op, 926170500.00 ns, 55.2041 ns/op
WorkloadWarmup   2: 16777216 op, 895765400.00 ns, 53.3918 ns/op
WorkloadWarmup   3: 16777216 op, 771458300.00 ns, 45.9825 ns/op

// BeforeActualRun
WorkloadActual   1: 16777216 op, 788860200.00 ns, 47.0197 ns/op
WorkloadActual   2: 16777216 op, 925415500.00 ns, 55.1591 ns/op
WorkloadActual   3: 16777216 op, 972907000.00 ns, 57.9898 ns/op

// AfterActualRun
WorkloadResult   1: 16777216 op, 743815500.00 ns, 44.3349 ns/op
WorkloadResult   2: 16777216 op, 880370800.00 ns, 52.4742 ns/op
WorkloadResult   3: 16777216 op, 927862300.00 ns, 55.3049 ns/op
// GC:  331 0 0 4160749968 16777216
// Threading:  0 0 16777216

// AfterAll
// Benchmark Process 44868 has exited with code 0.

Mean = 50.705 ns, StdErr = 3.288 ns (6.48%), N = 3, StdDev = 5.695 ns
Min = 44.335 ns, Q1 = 48.405 ns, Median = 52.474 ns, Q3 = 53.890 ns, Max = 55.305 ns
IQR = 5.485 ns, LowerFence = 40.177 ns, UpperFence = 62.117 ns
ConfidenceInterval = [-53.195 ns; 154.604 ns] (CI 99.9%), Margin = 103.899 ns (204.91% of Mean)
Skewness = -0.28, Kurtosis = 0.67, MValue = 2

// ** Remained 0 (0.0%) benchmark(s) to run. Estimated finish 2026-05-15 21:12 (0h 0m from now) **
Successfully reverted power plan (GUID: 8c5e7fda-e8bf-4a96-9a85-a6e23a8c635c FriendlyName: High performance)
// ***** BenchmarkRunner: Finish  *****

// * Export *
  BenchmarkDotNet.Artifacts\results\SmartMapp.Net.Benchmarks.Sprint8.FlatMappingBenchmark-report.csv
  BenchmarkDotNet.Artifacts\results\SmartMapp.Net.Benchmarks.Sprint8.FlatMappingBenchmark-report-github.md
  BenchmarkDotNet.Artifacts\results\SmartMapp.Net.Benchmarks.Sprint8.FlatMappingBenchmark-report.html

// * Detailed results *
FlatMappingBenchmark.'ISculptor.Map<Flat, FlatDto> — warm': Job-EDAMOB(IterationCount=5, WarmupCount=3)
Runtime = .NET 10.0.8 (10.0.826.23019), X64 RyuJIT AVX2; GC = Concurrent Workstation
Mean = 53.168 ns, StdErr = 0.797 ns (1.50%), N = 5, StdDev = 1.782 ns
Min = 50.801 ns, Q1 = 52.217 ns, Median = 53.590 ns, Q3 = 53.663 ns, Max = 55.571 ns
IQR = 1.446 ns, LowerFence = 50.049 ns, UpperFence = 55.831 ns
ConfidenceInterval = [46.305 ns; 60.032 ns] (CI 99.9%), Margin = 6.863 ns (12.91% of Mean)
Skewness = -0, Kurtosis = 1.3, MValue = 2
-------------------- Histogram --------------------
[49.433 ns ; 51.572 ns) | @
[51.572 ns ; 54.308 ns) | @@@
[54.308 ns ; 56.939 ns) | @
---------------------------------------------------

FlatMappingBenchmark.'ISculptor.Map<Flat, FlatDto> — warm': ShortRun(IterationCount=3, LaunchCount=1, WarmupCount=3)
Runtime = .NET 10.0.8 (10.0.826.23019), X64 RyuJIT AVX2; GC = Concurrent Workstation
Mean = 50.705 ns, StdErr = 3.288 ns (6.48%), N = 3, StdDev = 5.695 ns
Min = 44.335 ns, Q1 = 48.405 ns, Median = 52.474 ns, Q3 = 53.890 ns, Max = 55.305 ns
IQR = 5.485 ns, LowerFence = 40.177 ns, UpperFence = 62.117 ns
ConfidenceInterval = [-53.195 ns; 154.604 ns] (CI 99.9%), Margin = 103.899 ns (204.91% of Mean)
Skewness = -0.28, Kurtosis = 0.67, MValue = 2
-------------------- Histogram --------------------
[39.152 ns ; 48.707 ns) | @
[48.707 ns ; 60.488 ns) | @@
---------------------------------------------------

// * Summary *

BenchmarkDotNet v0.14.0, Windows 11 (10.0.26100.8246)
Unknown processor
.NET SDK 10.0.204
  [Host]     : .NET 10.0.8 (10.0.826.23019), X64 RyuJIT AVX2
  Job-EDAMOB : .NET 10.0.8 (10.0.826.23019), X64 RyuJIT AVX2
  ShortRun   : .NET 10.0.8 (10.0.826.23019), X64 RyuJIT AVX2

WarmupCount=3  

| Method                                | Job        | IterationCount | LaunchCount | Mean     | Error      | StdDev   | Ratio | RatioSD | Gen0   | Allocated | Alloc Ratio |
|-------------------------------------- |----------- |--------------- |------------ |---------:|-----------:|---------:|------:|--------:|-------:|----------:|------------:|
| 'ISculptor.Map<Flat, FlatDto> — warm' | Job-EDAMOB | 5              | Default     | 53.17 ns |   6.863 ns | 1.782 ns |  1.00 |    0.04 | 0.0197 |     248 B |        1.00 |
|                                       |            |                |             |          |            |          |       |         |        |           |             |
| 'ISculptor.Map<Flat, FlatDto> — warm' | ShortRun   | 3              | 1           | 50.70 ns | 103.899 ns | 5.695 ns |  1.01 |    0.14 | 0.0197 |     248 B |        1.00 |

// * Legends *
  Mean        : Arithmetic mean of all measurements
  Error       : Half of 99.9% confidence interval
  StdDev      : Standard deviation of all measurements
  Ratio       : Mean of the ratio distribution ([Current]/[Baseline])
  RatioSD     : Standard deviation of the ratio distribution ([Current]/[Baseline])
  Gen0        : GC Generation 0 collects per 1000 operations
  Allocated   : Allocated memory per single operation (managed only, inclusive, 1KB = 1024B)
  Alloc Ratio : Allocated memory ratio distribution ([Current]/[Baseline])
  1 ns        : 1 Nanosecond (0.000000001 sec)

// * Diagnostic Output - MemoryDiagnoser *


// ***** BenchmarkRunner: End *****
Run time: 00:00:22 (22.3 sec), executed benchmarks: 2

Global total time: 00:00:47 (47.16 sec), executed benchmarks: 2
// * Artifacts cleanup *
Artifacts cleanup is finished
