// Validating benchmarks:
// ***** BenchmarkRunner: Start   *****
// ***** Found 2 benchmark(s) in total *****
// ***** Building 1 exe(s) in Parallel: Start   *****
// start dotnet  restore /p:UseSharedCompilation=false /p:BuildInParallel=false /m:1 /p:Deterministic=true /p:Optimize=true /p:IntermediateOutputPath="C:\Workstation\Work\Contrib\opensource\smartmapp.net\benchmarks\SmartMapp.Net.Benchmarks\bin\Release\net10.0\f9a5a536-55d5-49f1-ba5d-17ba1f47de08\obj\Release\net10.0/" /p:OutDir="C:\Workstation\Work\Contrib\opensource\smartmapp.net\benchmarks\SmartMapp.Net.Benchmarks\bin\Release\net10.0\f9a5a536-55d5-49f1-ba5d-17ba1f47de08\bin\Release\net10.0/" /p:OutputPath="C:\Workstation\Work\Contrib\opensource\smartmapp.net\benchmarks\SmartMapp.Net.Benchmarks\bin\Release\net10.0\f9a5a536-55d5-49f1-ba5d-17ba1f47de08\bin\Release\net10.0/" in C:\Workstation\Work\Contrib\opensource\smartmapp.net\benchmarks\SmartMapp.Net.Benchmarks\bin\Release\net10.0\f9a5a536-55d5-49f1-ba5d-17ba1f47de08
// command took 2.66 sec and exited with 0
// start dotnet  build -c Release --no-restore /p:UseSharedCompilation=false /p:BuildInParallel=false /m:1 /p:Deterministic=true /p:Optimize=true /p:IntermediateOutputPath="C:\Workstation\Work\Contrib\opensource\smartmapp.net\benchmarks\SmartMapp.Net.Benchmarks\bin\Release\net10.0\f9a5a536-55d5-49f1-ba5d-17ba1f47de08\obj\Release\net10.0/" /p:OutDir="C:\Workstation\Work\Contrib\opensource\smartmapp.net\benchmarks\SmartMapp.Net.Benchmarks\bin\Release\net10.0\f9a5a536-55d5-49f1-ba5d-17ba1f47de08\bin\Release\net10.0/" /p:OutputPath="C:\Workstation\Work\Contrib\opensource\smartmapp.net\benchmarks\SmartMapp.Net.Benchmarks\bin\Release\net10.0\f9a5a536-55d5-49f1-ba5d-17ba1f47de08\bin\Release\net10.0/" --output "C:\Workstation\Work\Contrib\opensource\smartmapp.net\benchmarks\SmartMapp.Net.Benchmarks\bin\Release\net10.0\f9a5a536-55d5-49f1-ba5d-17ba1f47de08\bin\Release\net10.0/" in C:\Workstation\Work\Contrib\opensource\smartmapp.net\benchmarks\SmartMapp.Net.Benchmarks\bin\Release\net10.0\f9a5a536-55d5-49f1-ba5d-17ba1f47de08
// command took 21.04 sec and exited with 0
// ***** Done, took 00:00:23 (23.82 sec)   *****
// Found 2 benchmarks:
//   FlatMappingBenchmark.'ISculptor.Map<Flat, FlatDto> — warm': Job-UYQNQC(IterationCount=5, WarmupCount=3)
//   FlatMappingBenchmark.'ISculptor.Map<Flat, FlatDto> — warm': ShortRun(IterationCount=3, LaunchCount=1, WarmupCount=3)

Setup power plan (GUID: 8c5e7fda-e8bf-4a96-9a85-a6e23a8c635c FriendlyName: High performance)
// **************************
// Benchmark: FlatMappingBenchmark.'ISculptor.Map<Flat, FlatDto> — warm': Job-UYQNQC(IterationCount=5, WarmupCount=3)
// *** Execute ***
// Launch: 1 / 1
// Execute: dotnet f9a5a536-55d5-49f1-ba5d-17ba1f47de08.dll --anonymousPipes 2196 2200 --benchmarkName SmartMapp.Net.Benchmarks.Sprint8.FlatMappingBenchmark.Map_Warm --job "IterationCount=5, WarmupCount=3" --benchmarkId 0 in C:\Workstation\Work\Contrib\opensource\smartmapp.net\benchmarks\SmartMapp.Net.Benchmarks\bin\Release\net10.0\f9a5a536-55d5-49f1-ba5d-17ba1f47de08\bin\Release\net10.0
// BeforeAnythingElse

// Benchmark Process Environment Information:
// BenchmarkDotNet v0.14.0
// Runtime=.NET 10.0.8 (10.0.826.23019), X64 RyuJIT AVX2
// GC=Concurrent Workstation
// HardwareIntrinsics=AVX2,AES,BMI1,BMI2,FMA,LZCNT,PCLMUL,POPCNT,AvxVnni,SERIALIZE VectorSize=256
// Job: Job-KXHUMQ(IterationCount=5, WarmupCount=3)

OverheadJitting  1: 1 op, 300400.00 ns, 300.4000 us/op
WorkloadJitting  1: 1 op, 2097300.00 ns, 2.0973 ms/op

OverheadJitting  2: 16 op, 384700.00 ns, 24.0438 us/op
WorkloadJitting  2: 16 op, 384100.00 ns, 24.0063 us/op

WorkloadPilot    1: 16 op, 6800.00 ns, 425.0000 ns/op
WorkloadPilot    2: 32 op, 17100.00 ns, 534.3750 ns/op
WorkloadPilot    3: 64 op, 19400.00 ns, 303.1250 ns/op
WorkloadPilot    4: 128 op, 29900.00 ns, 233.5938 ns/op
WorkloadPilot    5: 256 op, 51600.00 ns, 201.5625 ns/op
WorkloadPilot    6: 512 op, 94700.00 ns, 184.9609 ns/op
WorkloadPilot    7: 1024 op, 139000.00 ns, 135.7422 ns/op
WorkloadPilot    8: 2048 op, 246900.00 ns, 120.5566 ns/op
WorkloadPilot    9: 4096 op, 527300.00 ns, 128.7354 ns/op
WorkloadPilot   10: 8192 op, 1327700.00 ns, 162.0728 ns/op
WorkloadPilot   11: 16384 op, 2083700.00 ns, 127.1790 ns/op
WorkloadPilot   12: 32768 op, 4206000.00 ns, 128.3569 ns/op
WorkloadPilot   13: 65536 op, 9794300.00 ns, 149.4492 ns/op
WorkloadPilot   14: 131072 op, 14123800.00 ns, 107.7560 ns/op
WorkloadPilot   15: 262144 op, 26995800.00 ns, 102.9808 ns/op
WorkloadPilot   16: 524288 op, 54837600.00 ns, 104.5944 ns/op
WorkloadPilot   17: 1048576 op, 65228800.00 ns, 62.2070 ns/op
WorkloadPilot   18: 2097152 op, 103103200.00 ns, 49.1634 ns/op
WorkloadPilot   19: 4194304 op, 201634900.00 ns, 48.0735 ns/op
WorkloadPilot   20: 8388608 op, 455498300.00 ns, 54.2996 ns/op
WorkloadPilot   21: 16777216 op, 830449800.00 ns, 49.4987 ns/op

OverheadWarmup   1: 16777216 op, 65879200.00 ns, 3.9267 ns/op
OverheadWarmup   2: 16777216 op, 63280600.00 ns, 3.7718 ns/op
OverheadWarmup   3: 16777216 op, 58125900.00 ns, 3.4646 ns/op
OverheadWarmup   4: 16777216 op, 47062000.00 ns, 2.8051 ns/op
OverheadWarmup   5: 16777216 op, 47041400.00 ns, 2.8039 ns/op
OverheadWarmup   6: 16777216 op, 42092400.00 ns, 2.5089 ns/op
OverheadWarmup   7: 16777216 op, 42453900.00 ns, 2.5304 ns/op
OverheadWarmup   8: 16777216 op, 41077100.00 ns, 2.4484 ns/op
OverheadWarmup   9: 16777216 op, 40230500.00 ns, 2.3979 ns/op
OverheadWarmup  10: 16777216 op, 39365900.00 ns, 2.3464 ns/op

OverheadActual   1: 16777216 op, 39720000.00 ns, 2.3675 ns/op
OverheadActual   2: 16777216 op, 41496700.00 ns, 2.4734 ns/op
OverheadActual   3: 16777216 op, 41616900.00 ns, 2.4806 ns/op
OverheadActual   4: 16777216 op, 40731800.00 ns, 2.4278 ns/op
OverheadActual   5: 16777216 op, 39601300.00 ns, 2.3604 ns/op
OverheadActual   6: 16777216 op, 39454300.00 ns, 2.3517 ns/op
OverheadActual   7: 16777216 op, 41210200.00 ns, 2.4563 ns/op
OverheadActual   8: 16777216 op, 43120700.00 ns, 2.5702 ns/op
OverheadActual   9: 16777216 op, 66786400.00 ns, 3.9808 ns/op
OverheadActual  10: 16777216 op, 65712800.00 ns, 3.9168 ns/op
OverheadActual  11: 16777216 op, 49742300.00 ns, 2.9649 ns/op
OverheadActual  12: 16777216 op, 45931100.00 ns, 2.7377 ns/op
OverheadActual  13: 16777216 op, 43399400.00 ns, 2.5868 ns/op
OverheadActual  14: 16777216 op, 48240800.00 ns, 2.8754 ns/op
OverheadActual  15: 16777216 op, 43362100.00 ns, 2.5846 ns/op
OverheadActual  16: 16777216 op, 42665000.00 ns, 2.5430 ns/op
OverheadActual  17: 16777216 op, 45896600.00 ns, 2.7357 ns/op
OverheadActual  18: 16777216 op, 40803200.00 ns, 2.4321 ns/op
OverheadActual  19: 16777216 op, 40949800.00 ns, 2.4408 ns/op
OverheadActual  20: 16777216 op, 40603800.00 ns, 2.4202 ns/op

WorkloadWarmup   1: 16777216 op, 917446200.00 ns, 54.6841 ns/op
WorkloadWarmup   2: 16777216 op, 951773900.00 ns, 56.7301 ns/op
WorkloadWarmup   3: 16777216 op, 985098200.00 ns, 58.7164 ns/op

// BeforeActualRun
WorkloadActual   1: 16777216 op, 1026974900.00 ns, 61.2125 ns/op
WorkloadActual   2: 16777216 op, 1027968100.00 ns, 61.2717 ns/op
WorkloadActual   3: 16777216 op, 1037139100.00 ns, 61.8183 ns/op
WorkloadActual   4: 16777216 op, 1083303800.00 ns, 64.5699 ns/op
WorkloadActual   5: 16777216 op, 1048723300.00 ns, 62.5088 ns/op

// AfterActualRun
WorkloadResult   1: 16777216 op, 984833950.00 ns, 58.7007 ns/op
WorkloadResult   2: 16777216 op, 985827150.00 ns, 58.7599 ns/op
WorkloadResult   3: 16777216 op, 994998150.00 ns, 59.3065 ns/op
WorkloadResult   4: 16777216 op, 1006582350.00 ns, 59.9970 ns/op
// GC:  331 0 0 4160749632 16777216
// Threading:  0 0 16777216

// AfterAll
// Benchmark Process 64612 has exited with code 0.

Mean = 59.191 ns, StdErr = 0.301 ns (0.51%), N = 4, StdDev = 0.603 ns
Min = 58.701 ns, Q1 = 58.745 ns, Median = 59.033 ns, Q3 = 59.479 ns, Max = 59.997 ns
IQR = 0.734 ns, LowerFence = 57.644 ns, UpperFence = 60.580 ns
ConfidenceInterval = [55.297 ns; 63.085 ns] (CI 99.9%), Margin = 3.894 ns (6.58% of Mean)
Skewness = 0.37, Kurtosis = 0.98, MValue = 2

// ** Remained 1 (50.0%) benchmark(s) to run. Estimated finish 2026-05-15 21:25 (0h 0m from now) **
Setup power plan (GUID: 8c5e7fda-e8bf-4a96-9a85-a6e23a8c635c FriendlyName: High performance)
// **************************
// Benchmark: FlatMappingBenchmark.'ISculptor.Map<Flat, FlatDto> — warm': ShortRun(IterationCount=3, LaunchCount=1, WarmupCount=3)
// *** Execute ***
// Launch: 1 / 1
// Execute: dotnet f9a5a536-55d5-49f1-ba5d-17ba1f47de08.dll --anonymousPipes 672 664 --benchmarkName SmartMapp.Net.Benchmarks.Sprint8.FlatMappingBenchmark.Map_Warm --job ShortRun --benchmarkId 1 in C:\Workstation\Work\Contrib\opensource\smartmapp.net\benchmarks\SmartMapp.Net.Benchmarks\bin\Release\net10.0\f9a5a536-55d5-49f1-ba5d-17ba1f47de08\bin\Release\net10.0
// BeforeAnythingElse

// Benchmark Process Environment Information:
// BenchmarkDotNet v0.14.0
// Runtime=.NET 10.0.8 (10.0.826.23019), X64 RyuJIT AVX2
// GC=Concurrent Workstation
// HardwareIntrinsics=AVX2,AES,BMI1,BMI2,FMA,LZCNT,PCLMUL,POPCNT,AvxVnni,SERIALIZE VectorSize=256
// Job: ShortRun(IterationCount=3, LaunchCount=1, WarmupCount=3)

OverheadJitting  1: 1 op, 300600.00 ns, 300.6000 us/op
WorkloadJitting  1: 1 op, 2063000.00 ns, 2.0630 ms/op

OverheadJitting  2: 16 op, 400900.00 ns, 25.0563 us/op
WorkloadJitting  2: 16 op, 710800.00 ns, 44.4250 us/op

WorkloadPilot    1: 16 op, 8800.00 ns, 550.0000 ns/op
WorkloadPilot    2: 32 op, 16800.00 ns, 525.0000 ns/op
WorkloadPilot    3: 64 op, 22400.00 ns, 350.0000 ns/op
WorkloadPilot    4: 128 op, 36300.00 ns, 283.5938 ns/op
WorkloadPilot    5: 256 op, 53300.00 ns, 208.2031 ns/op
WorkloadPilot    6: 512 op, 96400.00 ns, 188.2813 ns/op
WorkloadPilot    7: 1024 op, 137100.00 ns, 133.8867 ns/op
WorkloadPilot    8: 2048 op, 270700.00 ns, 132.1777 ns/op
WorkloadPilot    9: 4096 op, 514100.00 ns, 125.5127 ns/op
WorkloadPilot   10: 8192 op, 1326200.00 ns, 161.8896 ns/op
WorkloadPilot   11: 16384 op, 2816600.00 ns, 171.9116 ns/op
WorkloadPilot   12: 32768 op, 4328700.00 ns, 132.1014 ns/op
WorkloadPilot   13: 65536 op, 9219800.00 ns, 140.6830 ns/op
WorkloadPilot   14: 131072 op, 14159500.00 ns, 108.0284 ns/op
WorkloadPilot   15: 262144 op, 27009400.00 ns, 103.0327 ns/op
WorkloadPilot   16: 524288 op, 52997100.00 ns, 101.0839 ns/op
WorkloadPilot   17: 1048576 op, 84402900.00 ns, 80.4929 ns/op
WorkloadPilot   18: 2097152 op, 97524400.00 ns, 46.5033 ns/op
WorkloadPilot   19: 4194304 op, 189869200.00 ns, 45.2683 ns/op
WorkloadPilot   20: 8388608 op, 380833200.00 ns, 45.3989 ns/op
WorkloadPilot   21: 16777216 op, 800672200.00 ns, 47.7238 ns/op

OverheadWarmup   1: 16777216 op, 48780200.00 ns, 2.9075 ns/op
OverheadWarmup   2: 16777216 op, 48389600.00 ns, 2.8842 ns/op
OverheadWarmup   3: 16777216 op, 48359100.00 ns, 2.8824 ns/op
OverheadWarmup   4: 16777216 op, 49036300.00 ns, 2.9228 ns/op
OverheadWarmup   5: 16777216 op, 49759700.00 ns, 2.9659 ns/op
OverheadWarmup   6: 16777216 op, 49911800.00 ns, 2.9750 ns/op
OverheadWarmup   7: 16777216 op, 65500900.00 ns, 3.9042 ns/op
OverheadWarmup   8: 16777216 op, 49381200.00 ns, 2.9433 ns/op
OverheadWarmup   9: 16777216 op, 41234200.00 ns, 2.4577 ns/op
OverheadWarmup  10: 16777216 op, 41261900.00 ns, 2.4594 ns/op

OverheadActual   1: 16777216 op, 41218600.00 ns, 2.4568 ns/op
OverheadActual   2: 16777216 op, 40819300.00 ns, 2.4330 ns/op
OverheadActual   3: 16777216 op, 40341200.00 ns, 2.4045 ns/op
OverheadActual   4: 16777216 op, 40483600.00 ns, 2.4130 ns/op
OverheadActual   5: 16777216 op, 51762600.00 ns, 3.0853 ns/op
OverheadActual   6: 16777216 op, 50476000.00 ns, 3.0086 ns/op
OverheadActual   7: 16777216 op, 46372000.00 ns, 2.7640 ns/op
OverheadActual   8: 16777216 op, 48604400.00 ns, 2.8970 ns/op
OverheadActual   9: 16777216 op, 58512800.00 ns, 3.4876 ns/op
OverheadActual  10: 16777216 op, 42684400.00 ns, 2.5442 ns/op
OverheadActual  11: 16777216 op, 44976200.00 ns, 2.6808 ns/op
OverheadActual  12: 16777216 op, 44585400.00 ns, 2.6575 ns/op
OverheadActual  13: 16777216 op, 47195200.00 ns, 2.8131 ns/op
OverheadActual  14: 16777216 op, 48389100.00 ns, 2.8842 ns/op
OverheadActual  15: 16777216 op, 51168400.00 ns, 3.0499 ns/op
OverheadActual  16: 16777216 op, 56932300.00 ns, 3.3934 ns/op
OverheadActual  17: 16777216 op, 58957300.00 ns, 3.5141 ns/op
OverheadActual  18: 16777216 op, 54785400.00 ns, 3.2655 ns/op
OverheadActual  19: 16777216 op, 50696400.00 ns, 3.0217 ns/op
OverheadActual  20: 16777216 op, 54401600.00 ns, 3.2426 ns/op

WorkloadWarmup   1: 16777216 op, 1076838600.00 ns, 64.1846 ns/op
WorkloadWarmup   2: 16777216 op, 1045767900.00 ns, 62.3326 ns/op
WorkloadWarmup   3: 16777216 op, 987151800.00 ns, 58.8388 ns/op

// BeforeActualRun
WorkloadActual   1: 16777216 op, 961671500.00 ns, 57.3201 ns/op
WorkloadActual   2: 16777216 op, 1017385200.00 ns, 60.6409 ns/op
WorkloadActual   3: 16777216 op, 992707800.00 ns, 59.1700 ns/op

// AfterActualRun
WorkloadResult   1: 16777216 op, 913174750.00 ns, 54.4295 ns/op
WorkloadResult   2: 16777216 op, 968888450.00 ns, 57.7503 ns/op
WorkloadResult   3: 16777216 op, 944211050.00 ns, 56.2794 ns/op
// GC:  331 0 0 4160749680 16777216
// Threading:  0 0 16777216

// AfterAll
// Benchmark Process 19936 has exited with code 0.

Mean = 56.153 ns, StdErr = 0.961 ns (1.71%), N = 3, StdDev = 1.664 ns
Min = 54.429 ns, Q1 = 55.354 ns, Median = 56.279 ns, Q3 = 57.015 ns, Max = 57.750 ns
IQR = 1.660 ns, LowerFence = 52.864 ns, UpperFence = 59.505 ns
ConfidenceInterval = [25.795 ns; 86.511 ns] (CI 99.9%), Margin = 30.358 ns (54.06% of Mean)
Skewness = -0.08, Kurtosis = 0.67, MValue = 2

// ** Remained 0 (0.0%) benchmark(s) to run. Estimated finish 2026-05-15 21:25 (0h 0m from now) **
Successfully reverted power plan (GUID: 8c5e7fda-e8bf-4a96-9a85-a6e23a8c635c FriendlyName: High performance)
// ***** BenchmarkRunner: Finish  *****

// * Export *
  BenchmarkDotNet.Artifacts\results\SmartMapp.Net.Benchmarks.Sprint8.FlatMappingBenchmark-report.csv
  BenchmarkDotNet.Artifacts\results\SmartMapp.Net.Benchmarks.Sprint8.FlatMappingBenchmark-report-github.md
  BenchmarkDotNet.Artifacts\results\SmartMapp.Net.Benchmarks.Sprint8.FlatMappingBenchmark-report.html

// * Detailed results *
FlatMappingBenchmark.'ISculptor.Map<Flat, FlatDto> — warm': Job-UYQNQC(IterationCount=5, WarmupCount=3)
Runtime = .NET 10.0.8 (10.0.826.23019), X64 RyuJIT AVX2; GC = Concurrent Workstation
Mean = 59.191 ns, StdErr = 0.301 ns (0.51%), N = 4, StdDev = 0.603 ns
Min = 58.701 ns, Q1 = 58.745 ns, Median = 59.033 ns, Q3 = 59.479 ns, Max = 59.997 ns
IQR = 0.734 ns, LowerFence = 57.644 ns, UpperFence = 60.580 ns
ConfidenceInterval = [55.297 ns; 63.085 ns] (CI 99.9%), Margin = 3.894 ns (6.58% of Mean)
Skewness = 0.37, Kurtosis = 0.98, MValue = 2
-------------------- Histogram --------------------
[58.414 ns ; 60.495 ns) | @@@@
---------------------------------------------------

FlatMappingBenchmark.'ISculptor.Map<Flat, FlatDto> — warm': ShortRun(IterationCount=3, LaunchCount=1, WarmupCount=3)
Runtime = .NET 10.0.8 (10.0.826.23019), X64 RyuJIT AVX2; GC = Concurrent Workstation
Mean = 56.153 ns, StdErr = 0.961 ns (1.71%), N = 3, StdDev = 1.664 ns
Min = 54.429 ns, Q1 = 55.354 ns, Median = 56.279 ns, Q3 = 57.015 ns, Max = 57.750 ns
IQR = 1.660 ns, LowerFence = 52.864 ns, UpperFence = 59.505 ns
ConfidenceInterval = [25.795 ns; 86.511 ns] (CI 99.9%), Margin = 30.358 ns (54.06% of Mean)
Skewness = -0.08, Kurtosis = 0.67, MValue = 2
-------------------- Histogram --------------------
[52.915 ns ; 55.501 ns) | @
[55.501 ns ; 58.529 ns) | @@
---------------------------------------------------

// * Summary *

BenchmarkDotNet v0.14.0, Windows 11 (10.0.26100.8246)
Unknown processor
.NET SDK 10.0.204
  [Host]     : .NET 10.0.8 (10.0.826.23019), X64 RyuJIT AVX2
  Job-UYQNQC : .NET 10.0.8 (10.0.826.23019), X64 RyuJIT AVX2
  ShortRun   : .NET 10.0.8 (10.0.826.23019), X64 RyuJIT AVX2

WarmupCount=3  

| Method                                | Job        | IterationCount | LaunchCount | Mean     | Error     | StdDev   | Ratio | RatioSD | Gen0   | Allocated | Alloc Ratio |
|-------------------------------------- |----------- |--------------- |------------ |---------:|----------:|---------:|------:|--------:|-------:|----------:|------------:|
| 'ISculptor.Map<Flat, FlatDto> — warm' | Job-UYQNQC | 5              | Default     | 59.19 ns |  3.894 ns | 0.603 ns |  1.00 |    0.01 | 0.0197 |     248 B |        1.00 |
|                                       |            |                |             |          |           |          |       |         |        |           |             |
| 'ISculptor.Map<Flat, FlatDto> — warm' | ShortRun   | 3              | 1           | 56.15 ns | 30.358 ns | 1.664 ns |  1.00 |    0.04 | 0.0197 |     248 B |        1.00 |

// * Hints *
Outliers
  FlatMappingBenchmark.'ISculptor.Map<Flat, FlatDto> — warm': IterationCount=5, WarmupCount=3 -> 1 outlier  was  removed (64.57 ns)

// * Legends *
  Mean        : Arithmetic mean of all measurements
  Error       : Half of 99.9% confidence interval
  StdDev      : Standard deviation of all measurements
  Ratio       : Mean of the ratio distribution ([Current]/[Baseline])
  RatioSD     : Standard deviation of the ratio distribution ([Current]/[Baseline])
  Gen0        : GC Generation 0 collects per 1000 operations
  Allocated   : Allocated memory per single operation (managed only, inclusive, 1KB = 1024B)
  Alloc Ratio : Allocated memory ratio distribution ([Current]/[Baseline])
  1 ns        : 1 Nanosecond (0.000000001 sec)

// * Diagnostic Output - MemoryDiagnoser *


// ***** BenchmarkRunner: End *****
Run time: 00:00:24 (24.07 sec), executed benchmarks: 2

Global total time: 00:00:48 (48.1 sec), executed benchmarks: 2
// * Artifacts cleanup *
Artifacts cleanup is finished
